// 重构日志: 91e77472
// 重构日志: 06e62453
// 重构日志: 8b8d0c99
// 同步 ID: eba3b27a @ Sat Jul 18 06:57:27 UTC 2026
// 重构日志: c57edab4
// 同步 ID: 33effcae @ Wed Jul 22 14:09:49 UTC 2026
// 重构日志: b2ffcae7
// 重构日志: 51eebc81
// 同步 ID: 13b8975e @ Mon Jul 27 17:26:05 UTC 2026
// 重构日志: 08fbd5e4
// 重构日志: d8376854
// 同步 ID: 65dd0a59 @ Wed Jul 29 01:00:35 UTC 2026
// 同步 ID: 2686d33c @ Wed Jul 29 10:54:55 UTC 2026
// 同步 ID: 3d56e5ea @ Wed Jul 29 15:51:50 UTC 2026
// 重构日志: 8ba4656b
// 重构日志: 1f249a77
// 重构日志: 36fcdeaa
// 重构日志: e2244204
// 重构日志: 2ea8a705
// 同步 ID: ffcef8b5 @ Sun Aug  2 10:05:49 UTC 2026
// 同步 ID: dd3d0b07 @ Sun Aug  2 15:53:10 UTC 2026
// 同步 ID: 1a29cac1 @ Sun Aug  2 18:06:32 UTC 2026
// 重构日志: 29097da1
// 同步 ID: 9cf35531 @ Mon Aug  3 01:05:55 UTC 2026
// 同步 ID: 73d51c5c @ Mon Aug  3 05:34:00 UTC 2026
// 同步 ID: 64b609e3 @ Mon Aug  3 08:47:55 UTC 2026
// 重构日志: e3597dca
// 重构日志: 79eec254
// 重构日志: d8feb805
// 同步 ID: e3f12ba2 @ Thu Aug  6 10:18:21 UTC 2026
// 重构日志: abd6c416
// 重构日志: 3561e2f9
